// Jest Snapshot v1, https://goo.gl/fbAQLP

exports[`Edit modal component The component must render correctly 1`] = `<div />`;
