// Jest Snapshot v1, https://goo.gl/fbAQLP

exports[`Header component The component must render correctly 1`] = `
<div>
  <div
    class="w-screen max-w-[800px] bg-black h-16 sm:h-20 flex items-center justify-center"
  >
    <div
      class="w-11/12 flex items-center"
    >
      <h2
        class="font-roboto text-sm sm:text-xl md:text-[22px] font-bold text-white"
      >
        CodeLeap Network
      </h2>
    </div>
  </div>
</div>
`;
